../Core/Src/stm32f4xx_hal_msp.c:68:6:HAL_MspInit	16	static
../Core/Src/stm32f4xx_hal_msp.c:93:6:HAL_ADC_MspInit	48	static
../Core/Src/stm32f4xx_hal_msp.c:146:6:HAL_ADC_MspDeInit	16	static
../Core/Src/stm32f4xx_hal_msp.c:176:6:HAL_CRC_MspInit	24	static
../Core/Src/stm32f4xx_hal_msp.c:199:6:HAL_CRC_MspDeInit	16	static
../Core/Src/stm32f4xx_hal_msp.c:221:6:HAL_DAC_MspInit	48	static
../Core/Src/stm32f4xx_hal_msp.c:277:6:HAL_DAC_MspDeInit	16	static
../Core/Src/stm32f4xx_hal_msp.c:310:6:HAL_DMA2D_MspInit	24	static
../Core/Src/stm32f4xx_hal_msp.c:336:6:HAL_DMA2D_MspDeInit	16	static
../Core/Src/stm32f4xx_hal_msp.c:361:6:HAL_DSI_MspInit	48	static
../Core/Src/stm32f4xx_hal_msp.c:400:6:HAL_DSI_MspDeInit	16	static
../Core/Src/stm32f4xx_hal_msp.c:430:6:HAL_I2C_MspInit	56	static
../Core/Src/stm32f4xx_hal_msp.c:490:6:HAL_I2C_MspDeInit	16	static
../Core/Src/stm32f4xx_hal_msp.c:541:6:HAL_LTDC_MspInit	24	static
../Core/Src/stm32f4xx_hal_msp.c:567:6:HAL_LTDC_MspDeInit	16	static
../Core/Src/stm32f4xx_hal_msp.c:592:6:HAL_QSPI_MspInit	48	static
../Core/Src/stm32f4xx_hal_msp.c:648:6:HAL_QSPI_MspDeInit	16	static
../Core/Src/stm32f4xx_hal_msp.c:684:6:HAL_SD_MspInit	48	static
../Core/Src/stm32f4xx_hal_msp.c:734:6:HAL_SD_MspDeInit	16	static
../Core/Src/stm32f4xx_hal_msp.c:770:6:HAL_TIM_Base_MspInit	24	static
../Core/Src/stm32f4xx_hal_msp.c:803:6:HAL_TIM_Base_MspDeInit	16	static
../Core/Src/stm32f4xx_hal_msp.c:836:6:HAL_UART_MspInit	56	static
../Core/Src/stm32f4xx_hal_msp.c:918:6:HAL_UART_MspDeInit	16	static
../Core/Src/stm32f4xx_hal_msp.c:966:13:HAL_FMC_MspInit	32	static
../Core/Src/stm32f4xx_hal_msp.c:1101:6:HAL_SDRAM_MspInit	16	static
../Core/Src/stm32f4xx_hal_msp.c:1113:13:HAL_FMC_MspDeInit	8	static
../Core/Src/stm32f4xx_hal_msp.c:1211:6:HAL_SDRAM_MspDeInit	16	static
../Core/Src/stm32f4xx_hal_msp.c:1223:6:HAL_SAI_MspInit	40	static
../Core/Src/stm32f4xx_hal_msp.c:1267:6:HAL_SAI_MspDeInit	16	static
