../Core/Src/stm32f4xx_hal_msp.c:72:6:HAL_MspInit	16	static
../Core/Src/stm32f4xx_hal_msp.c:97:6:HAL_ADC_MspInit	48	static
../Core/Src/stm32f4xx_hal_msp.c:150:6:HAL_ADC_MspDeInit	16	static
../Core/Src/stm32f4xx_hal_msp.c:180:6:HAL_CRC_MspInit	24	static
../Core/Src/stm32f4xx_hal_msp.c:203:6:HAL_CRC_MspDeInit	16	static
../Core/Src/stm32f4xx_hal_msp.c:225:6:HAL_DAC_MspInit	48	static
../Core/Src/stm32f4xx_hal_msp.c:281:6:HAL_DAC_MspDeInit	16	static
../Core/Src/stm32f4xx_hal_msp.c:314:6:HAL_DMA2D_MspInit	24	static
../Core/Src/stm32f4xx_hal_msp.c:340:6:HAL_DMA2D_MspDeInit	16	static
../Core/Src/stm32f4xx_hal_msp.c:365:6:HAL_DSI_MspInit	48	static
../Core/Src/stm32f4xx_hal_msp.c:404:6:HAL_DSI_MspDeInit	16	static
../Core/Src/stm32f4xx_hal_msp.c:434:6:HAL_I2C_MspInit	56	static
../Core/Src/stm32f4xx_hal_msp.c:494:6:HAL_I2C_MspDeInit	16	static
../Core/Src/stm32f4xx_hal_msp.c:545:6:HAL_LTDC_MspInit	24	static
../Core/Src/stm32f4xx_hal_msp.c:571:6:HAL_LTDC_MspDeInit	16	static
../Core/Src/stm32f4xx_hal_msp.c:596:6:HAL_QSPI_MspInit	48	static
../Core/Src/stm32f4xx_hal_msp.c:652:6:HAL_QSPI_MspDeInit	16	static
../Core/Src/stm32f4xx_hal_msp.c:688:6:HAL_SD_MspInit	48	static
../Core/Src/stm32f4xx_hal_msp.c:784:6:HAL_SD_MspDeInit	16	static
../Core/Src/stm32f4xx_hal_msp.c:826:6:HAL_TIM_Base_MspInit	24	static
../Core/Src/stm32f4xx_hal_msp.c:859:6:HAL_TIM_Base_MspDeInit	16	static
../Core/Src/stm32f4xx_hal_msp.c:892:6:HAL_UART_MspInit	56	static
../Core/Src/stm32f4xx_hal_msp.c:974:6:HAL_UART_MspDeInit	16	static
../Core/Src/stm32f4xx_hal_msp.c:1022:13:HAL_FMC_MspInit	32	static
../Core/Src/stm32f4xx_hal_msp.c:1157:6:HAL_SDRAM_MspInit	16	static
../Core/Src/stm32f4xx_hal_msp.c:1169:13:HAL_FMC_MspDeInit	8	static
../Core/Src/stm32f4xx_hal_msp.c:1267:6:HAL_SDRAM_MspDeInit	16	static
../Core/Src/stm32f4xx_hal_msp.c:1279:6:HAL_SAI_MspInit	40	static
../Core/Src/stm32f4xx_hal_msp.c:1323:6:HAL_SAI_MspDeInit	16	static
